// Jest Snapshot v1, https://goo.gl/fbAQLP

exports[`convert evernote note enex file: markdown-file 1`] = `
Array [
  Object {
    "content": Object {
      "data": "<h1 id=\\"helloworld\\">Hello world</h1>
<pre><code>  This is a note
</code></pre>",
      "type": "html",
    },
    "dateCreated": 0,
    "dateEdited": 0,
    "title": "world",
  },
]
`;
