// Jest Snapshot v1, https://goo.gl/fbAQLP

exports[`convert simplenote backup zip file: nimbus-export 1`] = `
Array [
  Object {
    "content": Object {
      "data": "<div id=\\"note-editor\\" class=\\"note-container theme-light\\" style=\\"position: relative;\\">
<div class=\\"editor-body\\">
<div class=\\"export-mode nedit-root notranslate size-normal style-normal\\" id=\\"note-root\\"><div class=\\"editable-text paragraph indent-0\\" data-block-background=\\"transparent\\" style=\\"text-align:left\\">This is a new note that I am working on</div></div>
</div>
</div>",
      "type": "html",
    },
    "notebooks": Object {
      "notebook": "My Notes",
      "topic": "My Notes",
    },
    "title": "ringing the bell",
  },
  Object {
    "content": Object {
      "data": "<div id=\\"note-editor\\" class=\\"note-container theme-light\\" style=\\"position: relative;\\">
<div class=\\"editor-body\\">
<div class=\\"export-mode nedit-root notranslate size-normal style-normal\\" id=\\"note-root\\"><div class=\\"editable-text paragraph indent-0\\" data-block-background=\\"transparent\\" style=\\"text-align:left\\">This is a new note that I am working on</div></div>
</div>
</div>",
      "type": "html",
    },
    "notebooks": Object {
      "notebook": "My Notes",
      "topic": "My Notes",
    },
    "title": "Wow",
  },
  Object {
    "content": Object {
      "data": "<div id=\\"note-editor\\" class=\\"note-container theme-light\\" style=\\"position: relative;\\">
<div class=\\"editor-body\\">
<div class=\\"export-mode nedit-root notranslate size-normal style-normal\\" id=\\"note-root\\"><div class=\\"editable-text paragraph indent-0\\" data-block-background=\\"transparent\\" style=\\"text-align:left\\">This is a new note that I am working on</div></div>
</div>
</div>",
      "type": "html",
    },
    "notebooks": Object {
      "notebook": "My Notes",
      "topic": "My Notes",
    },
    "title": "This is a new day and I am writi",
  },
  Object {
    "content": Object {
      "data": "<div id=\\"note-editor\\" class=\\"note-container theme-light\\" style=\\"position: relative;\\">
<div class=\\"editor-body\\">
<div class=\\"export-mode nedit-root notranslate size-normal style-normal\\" id=\\"note-root\\"><div class=\\"editable-text paragraph indent-0\\" data-block-background=\\"transparent\\" style=\\"text-align:left\\">This is a new note that I am working on</div></div>
</div>
</div>",
      "type": "html",
    },
    "notebooks": Object {
      "notebook": "My Notes",
      "topic": "My Notes",
    },
    "title": "my note",
  },
  Object {
    "content": Object {
      "data": "<div id=\\"note-editor\\" class=\\"note-container theme-light\\" style=\\"position: relative;\\">
<div class=\\"editor-body\\">
<div class=\\"export-mode nedit-root notranslate size-normal style-normal\\" id=\\"note-root\\"><div class=\\"editable-text paragraph indent-0\\" data-block-background=\\"transparent\\" style=\\"text-align:left\\">This is a new note that I am working on</div></div>
</div>
</div>",
      "type": "html",
    },
    "notebooks": Object {
      "notebook": "Bingo",
      "topic": "Bingo",
    },
    "title": "Oh okay I am making a note now.",
  },
  Object {
    "content": Object {
      "data": "<div id=\\"note-editor\\" class=\\"note-container theme-light\\" style=\\"position: relative;\\">
<div class=\\"editor-body\\">
<div class=\\"export-mode nedit-root notranslate size-normal style-normal\\" id=\\"note-root\\"><div class=\\"editable-text paragraph indent-0\\" data-block-background=\\"transparent\\" style=\\"text-align:left\\">This is a new note that I am working on</div></div>
</div>
</div>",
      "type": "html",
    },
    "notebooks": Object {
      "notebook": "Bingo",
      "topic": "Rope",
    },
    "title": "New note",
  },
  Object {
    "content": Object {
      "data": "<div id=\\"note-editor\\" class=\\"note-container theme-light\\" style=\\"position: relative;\\">
<div class=\\"editor-body\\">
<div class=\\"export-mode nedit-root notranslate size-normal style-normal\\" id=\\"note-root\\"><div class=\\"editable-text paragraph indent-0\\" data-block-background=\\"transparent\\" style=\\"text-align:left\\">This is a new note that I am working on</div></div>
</div>
</div>",
      "type": "html",
    },
    "notebooks": Object {
      "notebook": "Bingo",
      "topic": "Rope",
    },
    "title": "New note",
  },
  Object {
    "content": Object {
      "data": "<div id=\\"note-editor\\" class=\\"note-container theme-light\\" style=\\"position: relative;\\">
<div class=\\"editor-body\\">
<div class=\\"export-mode nedit-root notranslate size-normal style-normal\\" id=\\"note-root\\"><div class=\\"editable-text paragraph indent-0\\" data-block-background=\\"transparent\\" style=\\"text-align:left\\">This is a new note that I am working on</div></div>
</div>
</div>",
      "type": "html",
    },
    "notebooks": Object {
      "notebook": "Bingo",
      "topic": "Rope",
    },
    "title": "home",
  },
  Object {
    "content": Object {
      "data": "<div id=\\"note-editor\\" class=\\"note-container theme-light\\" style=\\"position: relative;\\">
<div class=\\"editor-body\\">
<div class=\\"export-mode nedit-root notranslate size-normal style-normal\\" id=\\"note-root\\"><div class=\\"editable-text paragraph indent-0\\" data-block-background=\\"transparent\\" style=\\"text-align:left\\">This is a new note that I am working on</div></div>
</div>
</div>",
      "type": "html",
    },
    "notebooks": Object {
      "notebook": "Bingo",
      "topic": "Rope",
    },
    "title": "This is a new note that I am wor",
  },
]
`;
