// Jest Snapshot v1, https://goo.gl/fbAQLP

exports[`strip note with content: stripped-note-with-content 1`] = `"{\\"title\\":true,\\"description\\":false,\\"headline\\":true,\\"colored\\":false,\\"type\\":\\"note\\",\\"tags\\":[],\\"id\\":\\"hello\\",\\"contentId\\":\\"hello2\\",\\"dateModified\\":123,\\"dateEdited\\":123,\\"dateCreated\\":123,\\"additionalData\\":{\\"content\\":\\"{\\\\\\"title\\\\\\":false,\\\\\\"description\\\\\\":false,\\\\\\"headline\\\\\\":false,\\\\\\"colored\\\\\\":false,\\\\\\"type\\\\\\":\\\\\\"tiptap\\\\\\",\\\\\\"id\\\\\\":\\\\\\"hello\\\\\\",\\\\\\"dateModified\\\\\\":123,\\\\\\"dateEdited\\\\\\":123,\\\\\\"dateCreated\\\\\\":123}\\"}}"`;

exports[`strip note: stripped-note 1`] = `"{\\"title\\":true,\\"description\\":false,\\"headline\\":true,\\"colored\\":false,\\"type\\":\\"note\\",\\"tags\\":[],\\"id\\":\\"hello\\",\\"contentId\\":\\"hello2\\",\\"dateModified\\":123,\\"dateEdited\\":123,\\"dateCreated\\":123}"`;

exports[`strip notebook: stripped-notebook 1`] = `"{\\"title\\":true,\\"description\\":true,\\"headline\\":false,\\"colored\\":false,\\"type\\":\\"notebook\\",\\"id\\":\\"hello\\",\\"dateModified\\":123,\\"dateEdited\\":123,\\"dateCreated\\":123,\\"additionalData\\":[{\\"type\\":\\"topic\\",\\"id\\":\\"hello\\",\\"notebookId\\":\\"hello23\\",\\"title\\":\\"hello\\",\\"dateCreated\\":123,\\"dateEdited\\":123,\\"dateModified\\":123}]}"`;

exports[`strip tag: stripped-tag 1`] = `"{\\"title\\":true,\\"description\\":false,\\"headline\\":false,\\"colored\\":false,\\"type\\":\\"tag\\",\\"noteIds\\":[],\\"id\\":\\"hello\\",\\"dateModified\\":123,\\"dateEdited\\":123,\\"dateCreated\\":123}"`;

exports[`strip topic: stripped-topic 1`] = `"{\\"title\\":true,\\"description\\":false,\\"headline\\":false,\\"colored\\":false,\\"type\\":\\"topic\\",\\"id\\":\\"hello\\",\\"dateModified\\":123,\\"dateEdited\\":123,\\"dateCreated\\":123}"`;

exports[`strip trashed note: stripped-trashed-note 1`] = `"{\\"title\\":true,\\"description\\":false,\\"headline\\":true,\\"colored\\":false,\\"type\\":\\"trash\\",\\"tags\\":[],\\"id\\":\\"hello\\",\\"contentId\\":\\"hello2\\",\\"dateModified\\":123,\\"dateEdited\\":123,\\"dateDeleted\\":123,\\"dateCreated\\":123}"`;
